id_L1_ine_ods_2a1_2  Autonomia                                                                                            A_2023                 A_2022                 A_2021                 A_2020                 A_2019                 A_2018                 A_2017                 A_2016                 A_2015
-------------------- ---------------------------------------------------------------------------------------------------- ---------------------- ---------------------- ---------------------- ---------------------- ---------------------- ---------------------- ---------------------- ---------------------- ----------------------
1                    Total Nacional                                                                                       2,5                    2,31                   2,77                   2,78                   2,52                   2,7                    2,8                    2,82                   2,72
2                    01 Andalucía                                                                                         5,91                   5,43                   6,71                   6,43                   5,61                   6,38                   6,95                   6,45                   6,51
3                    02 Aragón                                                                                            5,38                   4,81                   5,89                   6,33                   5,64                   5,16                   5,99                   6,08                   4,66
4                    03 Asturias, Principado de                                                                           1,3                    1,19                   1,4                    1,4                    1,41                   1,35                   1,28                   1,35                   1,38
5                    04 Balears, Illes                                                                                    0,4                    0,39                   0,52                   0,56                   0,55                   0,5                    0,63                   0,7                    0,47
6                    05 Canarias                                                                                          1,73                   1,73                   1,76                   1,84                   1,61                   1,51                   1,59                   1,35                   1,36
7                    06 Cantabria                                                                                         1,23                   1,13                   1,37                   1,23                   1,14                   1,48                   1,52                   1,48                   1,3
8                    07 Castilla y León                                                                                   5,29                   4,88                   5,49                   5,24                   4,32                   4,79                   3,34                   4,99                   4,44
9                    08 Castilla - La Mancha                                                                              7,44                   6,91                   8,17                   8,71                   7,6                    8,99                   8,58                   8,78                   7,61
10                   09 Cataluña                                                                                          0,78                   0,72                   0,98                   1,13                   1,03                   0,97                   1,06                   1,02                   1,02
11                   10 Comunitat Valenciana                                                                              1,72                   1,56                   1,92                   2,18                   1,85                   1,95                   2,12                   2,19                   2,32
12                   11 Extremadura                                                                                       7,04                   6,39                   7,77                   6,15                   7,23                   8,28                   8,68                   7,93                   7,32
13                   12 Galicia                                                                                           4,53                   4,17                   4,49                   4,48                   4,92                   4,77                   5,2                    5,49                   5,52
14                   13 Madrid, Comunidad de                                                                              0,06                   0,05                   0,07                   0,07                   0,06                   0,08                   0,05                   0,06                   0,07
15                   14 Murcia, Región de                                                                                 4,16                   3,91                   4,68                   4,93                   4,97                   4,73                   5,22                   5,35                   5,07
16                   15 Navarra, Comunidad Foral de                                                                       3,45                   3,18                   3,5                    3,6                    3,26                   3,2                    3,65                   3,42                   3,4
17                   16 País Vasco                                                                                        0,57                   0,53                   0,58                   0,6                    0,64                   0,71                   0,72                   0,76                   0,7
18                   17 Rioja, La                                                                                         5,57                   5,08                   5,54                   5,65                   5,5                    6,49                   5,63                   4,28                   6,04
19                   18 Ceuta                                                                                             0,09                   0,09                   0,12                   0,11                   0,11                   0,13                   0,2                    0,18                   0,19
20                   19 Melilla                                                                                           0,05                   0,05                   0,04                   0,05                   0,04                   0,03                   0,04                   0,05                   0,05

(20 rows affected)


Completion time: 2025-06-28T11:57:46.4156063+02:00
