id_L2_ine_ods_2a1_2  id_indicador id_calendario id_autonomia Valor_aniadido_PIB
-------------------- ------------ ------------- ------------ ---------------------------------------
1                    8            72            20           2.500
2                    8            60            20           2.310
3                    8            48            20           2.770
4                    8            36            20           2.780
5                    8            24            20           2.520
6                    8            12            20           2.700
7                    8            72            1            5.910
8                    8            60            1            5.430
9                    8            48            1            6.710
10                   8            36            1            6.430
11                   8            24            1            5.610
12                   8            12            1            6.380
13                   8            72            2            5.380
14                   8            60            2            4.810
15                   8            48            2            5.890
16                   8            36            2            6.330
17                   8            24            2            5.640
18                   8            12            2            5.160
19                   8            72            3            1.300
20                   8            60            3            1.190
21                   8            48            3            1.400
22                   8            36            3            1.400
23                   8            24            3            1.410
24                   8            12            3            1.350
25                   8            72            4            0.400
26                   8            60            4            0.390
27                   8            48            4            0.520
28                   8            36            4            0.560
29                   8            24            4            0.550
30                   8            12            4            0.500
31                   8            72            5            1.730
32                   8            60            5            1.730
33                   8            48            5            1.760
34                   8            36            5            1.840
35                   8            24            5            1.610
36                   8            12            5            1.510
37                   8            72            6            1.230
38                   8            60            6            1.130
39                   8            48            6            1.370
40                   8            36            6            1.230
41                   8            24            6            1.140
42                   8            12            6            1.480
43                   8            72            7            5.290
44                   8            60            7            4.880
45                   8            48            7            5.490
46                   8            36            7            5.240
47                   8            24            7            4.320
48                   8            12            7            4.790
49                   8            72            8            7.440
50                   8            60            8            6.910
51                   8            48            8            8.170
52                   8            36            8            8.710
53                   8            24            8            7.600
54                   8            12            8            8.990
55                   8            72            9            0.780
56                   8            60            9            0.720
57                   8            48            9            0.980
58                   8            36            9            1.130
59                   8            24            9            1.030
60                   8            12            9            0.970
61                   8            72            10           1.720
62                   8            60            10           1.560
63                   8            48            10           1.920
64                   8            36            10           2.180
65                   8            24            10           1.850
66                   8            12            10           1.950
67                   8            72            11           7.040
68                   8            60            11           6.390
69                   8            48            11           7.770
70                   8            36            11           6.150
71                   8            24            11           7.230
72                   8            12            11           8.280
73                   8            72            12           4.530
74                   8            60            12           4.170
75                   8            48            12           4.490
76                   8            36            12           4.480
77                   8            24            12           4.920
78                   8            12            12           4.770
79                   8            72            13           0.060
80                   8            60            13           0.050
81                   8            48            13           0.070
82                   8            36            13           0.070
83                   8            24            13           0.060
84                   8            12            13           0.080
85                   8            72            14           4.160
86                   8            60            14           3.910
87                   8            48            14           4.680
88                   8            36            14           4.930
89                   8            24            14           4.970
90                   8            12            14           4.730
91                   8            72            15           3.450
92                   8            60            15           3.180
93                   8            48            15           3.500
94                   8            36            15           3.600
95                   8            24            15           3.260
96                   8            12            15           3.200
97                   8            72            16           0.570
98                   8            60            16           0.530
99                   8            48            16           0.580
100                  8            36            16           0.600
101                  8            24            16           0.640
102                  8            12            16           0.710
103                  8            72            17           5.570
104                  8            60            17           5.080
105                  8            48            17           5.540
106                  8            36            17           5.650
107                  8            24            17           5.500
108                  8            12            17           6.490
109                  8            72            18           0.090
110                  8            60            18           0.090
111                  8            48            18           0.120
112                  8            36            18           0.110
113                  8            24            18           0.110
114                  8            12            18           0.130
115                  8            72            19           0.050
116                  8            60            19           0.050
117                  8            48            19           0.040
118                  8            36            19           0.050
119                  8            24            19           0.040
120                  8            12            19           0.030

(120 rows affected)


Completion time: 2025-06-28T11:47:52.0402728+02:00
