id_L2_ine_ods_2c1_2  id_indicador id_calendario id_autonomia IPC
-------------------- ------------ ------------- ------------ ---------------------------------------
1                    6            85            20           130.618
2                    6            86            20           130.892
3                    6            87            20           131.280
4                    6            88            20           131.667
5                    6            89            20           132.311
6                    6            90            20           0.000
7                    6            91            20           0.000
8                    6            92            20           0.000
9                    6            93            20           0.000
10                   6            94            20           0.000
11                   6            95            20           0.000
12                   6            96            20           0.000
13                   6            73            20           128.659
14                   6            74            20           128.529
15                   6            75            20           128.617
16                   6            76            20           129.530
17                   6            77            20           129.606
18                   6            78            20           129.691
19                   6            79            20           129.180
20                   6            80            20           128.676
21                   6            81            20           128.286
22                   6            82            20           130.185
23                   6            83            20           129.985
24                   6            84            20           130.040
25                   6            61            20           119.736
26                   6            62            20           121.901
27                   6            63            20           123.226
28                   6            64            20           123.543
29                   6            65            20           124.064
30                   6            66            20           124.501
31                   6            67            20           125.428
32                   6            68            20           125.681
33                   6            69            20           126.327
34                   6            70            20           128.002
35                   6            71            20           128.149
36                   6            72            20           128.082
37                   6            49            20           103.691
38                   6            50            20           104.461
39                   6            51            20           105.732
40                   6            52            20           109.524
41                   6            53            20           110.883
42                   6            54            20           112.966
43                   6            55            20           113.246
44                   6            56            20           113.795
45                   6            57            20           114.354
46                   6            58            20           117.065
47                   6            59            20           117.553
48                   6            60            20           119.409
49                   6            37            20           98.912
50                   6            38            20           98.926
51                   6            39            20           98.941
52                   6            40            20           99.252
53                   6            41            20           99.685
54                   6            42            20           99.701
55                   6            43            20           99.455
56                   6            44            20           99.747
57                   6            45            20           99.675
58                   6            46            20           101.058
59                   6            47            20           101.645
60                   6            48            20           103.003
61                   6            25            20           97.441
62                   6            26            20           97.601
63                   6            27            20           97.725
64                   6            28            20           99.189
65                   6            29            20           99.153
66                   6            30            20           98.865
67                   6            31            20           97.992
68                   6            32            20           98.085
69                   6            33            20           98.198
70                   6            34            20           99.630
71                   6            35            20           98.635
72                   6            36            20           98.290
73                   6            13            20           95.440
74                   6            14            20           95.669
75                   6            15            20           95.304
76                   6            16            20           95.284
77                   6            17            20           95.705
78                   6            18            20           96.113
79                   6            19            20           95.835
80                   6            20            20           95.969
81                   6            21            20           95.865
82                   6            22            20           97.394
83                   6            23            20           97.329
84                   6            24            20           97.197
85                   6            1             20           94.545
86                   6            2             20           94.353
87                   6            3             20           94.441
88                   6            4             20           94.597
89                   6            5             20           95.256
90                   6            6             20           95.741
91                   6            7             20           95.005
92                   6            8             20           95.027
93                   6            9             20           95.051
94                   6            10            20           96.269
95                   6            11            20           95.718
96                   6            12            20           95.547

(96 rows affected)


Completion time: 2025-06-28T11:49:22.9354616+02:00
