id_tabla    anio        mes         nombre_mes
----------- ----------- ----------- --------------------
1           2018        1           Enero
2           2018        2           Febrero
3           2018        3           Marzo
4           2018        4           Abril
5           2018        5           Mayo
6           2018        6           Junio
7           2018        7           Julio
8           2018        8           Agosto
9           2018        9           Septiembre
10          2018        10          Octubre
11          2018        11          Noviembre
12          2018        12          Diciembre
13          2019        1           Enero
14          2019        2           Febrero
15          2019        3           Marzo
16          2019        4           Abril
17          2019        5           Mayo
18          2019        6           Junio
19          2019        7           Julio
20          2019        8           Agosto
21          2019        9           Septiembre
22          2019        10          Octubre
23          2019        11          Noviembre
24          2019        12          Diciembre
25          2020        1           Enero
26          2020        2           Febrero
27          2020        3           Marzo
28          2020        4           Abril
29          2020        5           Mayo
30          2020        6           Junio
31          2020        7           Julio
32          2020        8           Agosto
33          2020        9           Septiembre
34          2020        10          Octubre
35          2020        11          Noviembre
36          2020        12          Diciembre
37          2021        1           Enero
38          2021        2           Febrero
39          2021        3           Marzo
40          2021        4           Abril
41          2021        5           Mayo
42          2021        6           Junio
43          2021        7           Julio
44          2021        8           Agosto
45          2021        9           Septiembre
46          2021        10          Octubre
47          2021        11          Noviembre
48          2021        12          Diciembre
49          2022        1           Enero
50          2022        2           Febrero
51          2022        3           Marzo
52          2022        4           Abril
53          2022        5           Mayo
54          2022        6           Junio
55          2022        7           Julio
56          2022        8           Agosto
57          2022        9           Septiembre
58          2022        10          Octubre
59          2022        11          Noviembre
60          2022        12          Diciembre
61          2023        1           Enero
62          2023        2           Febrero
63          2023        3           Marzo
64          2023        4           Abril
65          2023        5           Mayo
66          2023        6           Junio
67          2023        7           Julio
68          2023        8           Agosto
69          2023        9           Septiembre
70          2023        10          Octubre
71          2023        11          Noviembre
72          2023        12          Diciembre
73          2024        1           Enero
74          2024        2           Febrero
75          2024        3           Marzo
76          2024        4           Abril
77          2024        5           Mayo
78          2024        6           Junio
79          2024        7           Julio
80          2024        8           Agosto
81          2024        9           Septiembre
82          2024        10          Octubre
83          2024        11          Noviembre
84          2024        12          Diciembre
85          2025        1           Enero
86          2025        2           Febrero
87          2025        3           Marzo
88          2025        4           Abril
89          2025        5           Mayo
90          2025        6           Junio
91          2025        7           Julio
92          2025        8           Agosto
93          2025        9           Septiembre
94          2025        10          Octubre
95          2025        11          Noviembre
96          2025        12          Diciembre

(96 rows affected)


Completion time: 2025-06-28T11:53:01.5879223+02:00
